mode: set
github.com/Learning-Go-Server-Development/OrderService/handlers/customerHandler.go:13.78,17.20 4 1
github.com/Learning-Go-Server-Development/OrderService/handlers/customerHandler.go:17.20,19.14 2 1
github.com/Learning-Go-Server-Development/OrderService/handlers/customerHandler.go:19.14,21.16 2 1
github.com/Learning-Go-Server-Development/OrderService/handlers/customerHandler.go:21.16,25.5 3 1
github.com/Learning-Go-Server-Development/OrderService/handlers/customerHandler.go:25.10,27.5 1 0
github.com/Learning-Go-Server-Development/OrderService/handlers/customerHandler.go:28.9,30.4 1 0
github.com/Learning-Go-Server-Development/OrderService/handlers/customerHandler.go:31.8,33.3 1 0
github.com/Learning-Go-Server-Development/OrderService/handlers/customerHandler.go:36.87,40.20 4 1
github.com/Learning-Go-Server-Development/OrderService/handlers/customerHandler.go:40.20,43.20 3 1
github.com/Learning-Go-Server-Development/OrderService/handlers/customerHandler.go:43.20,45.17 2 1
github.com/Learning-Go-Server-Development/OrderService/handlers/customerHandler.go:45.17,49.5 3 1
github.com/Learning-Go-Server-Development/OrderService/handlers/customerHandler.go:49.10,51.5 1 0
github.com/Learning-Go-Server-Development/OrderService/handlers/customerHandler.go:52.9,54.4 1 0
github.com/Learning-Go-Server-Development/OrderService/handlers/customerHandler.go:55.8,57.3 1 0
github.com/Learning-Go-Server-Development/OrderService/handlers/itemHandler.go:14.74,17.9 3 1
github.com/Learning-Go-Server-Development/OrderService/handlers/itemHandler.go:17.9,19.3 1 0
github.com/Learning-Go-Server-Development/OrderService/handlers/itemHandler.go:19.8,24.24 5 1
github.com/Learning-Go-Server-Development/OrderService/handlers/itemHandler.go:24.24,26.4 1 0
github.com/Learning-Go-Server-Development/OrderService/handlers/itemHandler.go:26.9,29.32 3 1
github.com/Learning-Go-Server-Development/OrderService/handlers/itemHandler.go:29.32,33.5 3 1
github.com/Learning-Go-Server-Development/OrderService/handlers/itemHandler.go:33.10,35.5 1 0
github.com/Learning-Go-Server-Development/OrderService/handlers/itemHandler.go:40.77,43.9 3 1
github.com/Learning-Go-Server-Development/OrderService/handlers/itemHandler.go:43.9,45.3 1 0
github.com/Learning-Go-Server-Development/OrderService/handlers/itemHandler.go:45.8,50.24 5 1
github.com/Learning-Go-Server-Development/OrderService/handlers/itemHandler.go:50.24,52.4 1 0
github.com/Learning-Go-Server-Development/OrderService/handlers/itemHandler.go:52.9,55.18 3 1
github.com/Learning-Go-Server-Development/OrderService/handlers/itemHandler.go:55.18,59.5 3 1
github.com/Learning-Go-Server-Development/OrderService/handlers/itemHandler.go:59.10,61.5 1 0
github.com/Learning-Go-Server-Development/OrderService/handlers/itemHandler.go:66.75,70.20 4 1
github.com/Learning-Go-Server-Development/OrderService/handlers/itemHandler.go:70.20,73.20 3 1
github.com/Learning-Go-Server-Development/OrderService/handlers/itemHandler.go:73.20,75.17 2 1
github.com/Learning-Go-Server-Development/OrderService/handlers/itemHandler.go:75.17,79.5 3 1
github.com/Learning-Go-Server-Development/OrderService/handlers/itemHandler.go:79.10,81.5 1 0
github.com/Learning-Go-Server-Development/OrderService/handlers/itemHandler.go:82.9,84.4 1 0
github.com/Learning-Go-Server-Development/OrderService/handlers/itemHandler.go:85.8,87.3 1 0
github.com/Learning-Go-Server-Development/OrderService/handlers/itemHandler.go:90.77,94.20 4 1
github.com/Learning-Go-Server-Development/OrderService/handlers/itemHandler.go:94.20,97.20 3 1
github.com/Learning-Go-Server-Development/OrderService/handlers/itemHandler.go:97.20,99.17 2 1
github.com/Learning-Go-Server-Development/OrderService/handlers/itemHandler.go:99.17,103.5 3 1
github.com/Learning-Go-Server-Development/OrderService/handlers/itemHandler.go:103.10,105.5 1 0
github.com/Learning-Go-Server-Development/OrderService/handlers/itemHandler.go:106.9,108.4 1 0
github.com/Learning-Go-Server-Development/OrderService/handlers/itemHandler.go:109.8,111.3 1 0
github.com/Learning-Go-Server-Development/OrderService/handlers/orderHandler.go:14.75,17.9 3 1
github.com/Learning-Go-Server-Development/OrderService/handlers/orderHandler.go:17.9,19.3 1 0
github.com/Learning-Go-Server-Development/OrderService/handlers/orderHandler.go:19.8,24.24 5 1
github.com/Learning-Go-Server-Development/OrderService/handlers/orderHandler.go:24.24,26.4 1 0
github.com/Learning-Go-Server-Development/OrderService/handlers/orderHandler.go:26.9,29.32 3 1
github.com/Learning-Go-Server-Development/OrderService/handlers/orderHandler.go:29.32,33.5 3 1
github.com/Learning-Go-Server-Development/OrderService/handlers/orderHandler.go:33.10,35.5 1 0
github.com/Learning-Go-Server-Development/OrderService/handlers/orderHandler.go:40.78,43.9 3 1
github.com/Learning-Go-Server-Development/OrderService/handlers/orderHandler.go:43.9,45.3 1 0
github.com/Learning-Go-Server-Development/OrderService/handlers/orderHandler.go:45.8,50.24 5 1
github.com/Learning-Go-Server-Development/OrderService/handlers/orderHandler.go:50.24,52.4 1 0
github.com/Learning-Go-Server-Development/OrderService/handlers/orderHandler.go:52.9,55.18 3 1
github.com/Learning-Go-Server-Development/OrderService/handlers/orderHandler.go:55.18,59.5 3 1
github.com/Learning-Go-Server-Development/OrderService/handlers/orderHandler.go:59.10,61.5 1 0
github.com/Learning-Go-Server-Development/OrderService/handlers/orderHandler.go:66.75,70.20 4 1
github.com/Learning-Go-Server-Development/OrderService/handlers/orderHandler.go:70.20,73.20 3 1
github.com/Learning-Go-Server-Development/OrderService/handlers/orderHandler.go:73.20,75.16 2 1
github.com/Learning-Go-Server-Development/OrderService/handlers/orderHandler.go:75.16,79.5 3 1
github.com/Learning-Go-Server-Development/OrderService/handlers/orderHandler.go:79.10,81.5 1 0
github.com/Learning-Go-Server-Development/OrderService/handlers/orderHandler.go:82.9,84.4 1 0
github.com/Learning-Go-Server-Development/OrderService/handlers/orderHandler.go:85.8,87.3 1 0
github.com/Learning-Go-Server-Development/OrderService/handlers/orderHandler.go:90.83,94.20 4 1
github.com/Learning-Go-Server-Development/OrderService/handlers/orderHandler.go:94.20,97.20 3 1
github.com/Learning-Go-Server-Development/OrderService/handlers/orderHandler.go:97.20,99.17 2 1
github.com/Learning-Go-Server-Development/OrderService/handlers/orderHandler.go:99.17,103.5 3 1
github.com/Learning-Go-Server-Development/OrderService/handlers/orderHandler.go:103.10,105.5 1 0
github.com/Learning-Go-Server-Development/OrderService/handlers/orderHandler.go:106.9,108.4 1 0
github.com/Learning-Go-Server-Development/OrderService/handlers/orderHandler.go:109.8,111.3 1 0
github.com/Learning-Go-Server-Development/OrderService/handlers/orderHandler.go:114.80,118.20 4 1
github.com/Learning-Go-Server-Development/OrderService/handlers/orderHandler.go:118.20,121.20 3 1
github.com/Learning-Go-Server-Development/OrderService/handlers/orderHandler.go:121.20,123.17 2 1
github.com/Learning-Go-Server-Development/OrderService/handlers/orderHandler.go:123.17,127.5 3 1
github.com/Learning-Go-Server-Development/OrderService/handlers/orderHandler.go:127.10,129.5 1 0
github.com/Learning-Go-Server-Development/OrderService/handlers/orderHandler.go:130.9,132.4 1 0
github.com/Learning-Go-Server-Development/OrderService/handlers/orderHandler.go:133.8,135.3 1 0
github.com/Learning-Go-Server-Development/OrderService/handlers/orderHandler.go:138.78,142.20 4 1
github.com/Learning-Go-Server-Development/OrderService/handlers/orderHandler.go:142.20,145.20 3 1
github.com/Learning-Go-Server-Development/OrderService/handlers/orderHandler.go:145.20,147.17 2 1
github.com/Learning-Go-Server-Development/OrderService/handlers/orderHandler.go:147.17,151.5 3 1
github.com/Learning-Go-Server-Development/OrderService/handlers/orderHandler.go:151.10,153.5 1 0
github.com/Learning-Go-Server-Development/OrderService/handlers/orderHandler.go:154.9,156.4 1 0
github.com/Learning-Go-Server-Development/OrderService/handlers/orderHandler.go:157.8,159.3 1 0
github.com/Learning-Go-Server-Development/OrderService/handlers/productHandler.go:12.77,16.20 4 1
github.com/Learning-Go-Server-Development/OrderService/handlers/productHandler.go:16.20,18.16 2 1
github.com/Learning-Go-Server-Development/OrderService/handlers/productHandler.go:18.16,20.16 2 1
github.com/Learning-Go-Server-Development/OrderService/handlers/productHandler.go:20.16,24.5 3 1
github.com/Learning-Go-Server-Development/OrderService/handlers/productHandler.go:24.10,26.5 1 0
github.com/Learning-Go-Server-Development/OrderService/handlers/productHandler.go:27.9,29.4 1 0
github.com/Learning-Go-Server-Development/OrderService/handlers/productHandler.go:30.8,32.3 1 0
github.com/Learning-Go-Server-Development/OrderService/handlers/serviceHandler.go:16.40,18.2 1 1
github.com/Learning-Go-Server-Development/OrderService/handlers/serviceHandler.go:21.61,24.33 3 1
github.com/Learning-Go-Server-Development/OrderService/handlers/serviceHandler.go:24.33,26.3 1 1
github.com/Learning-Go-Server-Development/OrderService/handlers/serviceHandler.go:27.2,27.12 1 1
github.com/Learning-Go-Server-Development/OrderService/handlers/serviceHandler.go:31.64,33.2 1 1
github.com/Learning-Go-Server-Development/OrderService/handlers/serviceHandler.go:36.78,41.19 4 1
github.com/Learning-Go-Server-Development/OrderService/handlers/serviceHandler.go:41.19,46.17 3 1
github.com/Learning-Go-Server-Development/OrderService/handlers/serviceHandler.go:46.17,49.4 1 0
github.com/Learning-Go-Server-Development/OrderService/handlers/serviceHandler.go:49.9,51.4 1 1
github.com/Learning-Go-Server-Development/OrderService/handlers/serviceHandler.go:52.8,54.3 1 0
github.com/Learning-Go-Server-Development/OrderService/handlers/serviceHandler.go:55.2,55.17 1 1
